 
****************************************
Report : area
Design : SYSTEM_TOP
Version: K-2015.06
Date   : Fri Aug 16 10:27:15 2024
****************************************

Library(s) Used:

    scmetro_tsmc_cl013g_rvt_ss_1p08v_125c (File: /home/IC/Ass/Final_System/std_cells/scmetro_tsmc_cl013g_rvt_ss_1p08v_125c.db)

Number of ports:                          766
Number of nets:                          2645
Number of cells:                         1821
Number of combinational cells:           1427
Number of sequential cells:               356
Number of macros/black boxes:               0
Number of buf/inv:                        233
Number of references:                      22

Combinational area:              13433.207420
Buf/Inv area:                      861.344421
Noncombinational area:            8722.876993
Macro/Black Box area:                0.000000
Net Interconnect area:      undefined  (No wire load specified)

Total cell area:                 22156.084413
Total area:                 undefined

Hierarchical area distribution
------------------------------

                                  Global cell area            Local cell area
                                  -------------------  ----------------------------- 
Hierarchical cell                 Absolute    Percent  Combi-      Noncombi-  Black-
                                  Total       Total    national    national   boxes   Design
--------------------------------  ----------  -------  ----------  ---------  ------  --------------------------------
SYSTEM_TOP                        22156.0844    100.0     90.6059     0.0000  0.0000  SYSTEM_TOP
B0                                 1040.2028      4.7    807.2162   232.9866  0.0000  SYS_CTRL
B1                                 6044.7079     27.3   2441.6526  3603.0554  0.0000  RegFile
B10                                 808.3929      3.6    347.1265   258.8740  0.0000  ClkDIV_0
B10/add_31                           95.3127      0.4     95.3127     0.0000  0.0000  ClkDIV_0_DW01_inc_1
B10/r69                             107.0797      0.5    107.0797     0.0000  0.0000  ClkDIV_0_DW01_inc_0
B11                                 808.3929      3.6    347.1265   258.8740  0.0000  ClkDIV_1
B11/add_31                           95.3127      0.4     95.3127     0.0000  0.0000  ClkDIV_1_DW01_inc_1
B11/r69                             107.0797      0.5    107.0797     0.0000  0.0000  ClkDIV_1_DW01_inc_0
B12                                  11.7670      0.1     11.7670     0.0000  0.0000  mux
B2                                 5519.8997     24.9   1023.7290   440.0858  0.0000  alU
B2/add_36                           231.8099      1.0    231.8099     0.0000  0.0000  alU_DW01_add_0
B2/div_39                          1437.9274      6.5   1437.9274     0.0000  0.0000  alU_DW_div_uns_0
B2/mult_38                         2120.4134      9.6   1914.4909     0.0000  0.0000  alU_DW02_mult_0
B2/mult_38/FS_1                     205.9225      0.9    205.9225     0.0000  0.0000  alU_DW01_add_1
B2/sub_37                           265.9342      1.2    265.9342     0.0000  0.0000  alU_DW01_sub_0
B3                                   40.0078      0.2      0.0000    40.0078  0.0000  CLK_GATE
B4                                 3614.8224     16.3      0.0000     0.0000  0.0000  UART_TOP
B4/B0                              2466.3632     11.1      7.0602     0.0000  0.0000  UART_RX_DATA_WIDTH8_scale_WIDTH6
B4/B0/B0                            425.9654      1.9    344.7731    81.1923  0.0000  UART_RX_FSM_scale_WIDTH6
B4/B0/B1                           1222.5913      5.5    954.3037   268.2876  0.0000  edge_bit_counter_scale_WIDTH6
B4/B0/B2                            309.4721      1.4    201.2157   108.2564  0.0000  data_sampling_scale_WIDTH6
B4/B0/B3                            283.5847      1.3     67.0719   216.5128  0.0000  deserializer_DATA_WIDTH8
B4/B0/B4                             38.8311      0.2     11.7670    27.0641  0.0000  StartCheck
B4/B0/B5                            138.8506      0.6    110.6098    28.2408  0.0000  ParityCheck
B4/B0/B6                             40.0078      0.2     11.7670    28.2408  0.0000  StopCheck
B4/B1                              1148.4592      5.2      7.0602     0.0000  0.0000  UART_TX_DATA_WIDTH8
B4/B1/B0                            504.8043      2.3    216.5128   288.2915  0.0000  serializer_DATA_WIDTH8
B4/B1/B1                            154.1477      0.7     75.3088    78.8389  0.0000  UART_FSM
B4/B1/B2                            435.3790      2.0    202.3924   232.9866  0.0000  parity_calc_DATA_WIDTH8
B4/B1/B4                             47.0680      0.2     21.1806    25.8874  0.0000  MUXX
B5                                  395.3712      1.8     84.7224   310.6488  0.0000  DATA_SYNC
B6                                   77.6622      0.4      0.0000    77.6622  0.0000  RST_SYNC_0
B7                                   77.6622      0.4      0.0000    77.6622  0.0000  RST_SYNC_1
B8                                   57.6583      0.3      5.8835    51.7748  0.0000  PULSE_GEN
B9                                 3568.9311     16.1      4.7068     0.0000  0.0000  FIFO_TOP
B9/B0                               471.8567      2.1    160.0312   311.8255  0.0000  rempty_depth8_n3
B9/B1                               471.8567      2.1    160.0312   311.8255  0.0000  wfull_depth8_n3
B9/B2                              2620.5109     11.8   1256.7156  1363.7953  0.0000  fifo_async_width8_depth8_n3
--------------------------------  ----------  -------  ----------  ---------  ------  --------------------------------
Total                                                  13433.2074  8722.8770  0.0000

1
