 
****************************************
Report : clocks
Design : SYSTEM_TOP
Version: K-2015.06
Date   : Fri Aug 16 10:27:16 2024
****************************************

Attributes:
    d - dont_touch_network
    f - fix_hold
    p - propagated_clock
    G - generated_clock
    g - lib_generated_clock

Clock          Period   Waveform            Attrs     Sources
--------------------------------------------------------------------------------
ALU_CLK         20.00   {0 10}              G d       {B2/clk}
REF_CLK         20.00   {0 10}              d         {REF_CLK}
RX_CLK         271.30   {0 135.648}         G d       {B4/RX_CLK}
TX_CLK        8681.50   {0 4340.75}         G d       {B4/TX_CLK}
UART_CLK       271.30   {0 135.648}         d         {UART_CLK}
--------------------------------------------------------------------------------

Generated     Master         Generated      Master         Waveform
Clock         Source         Source         Clock          Modification
--------------------------------------------------------------------------------
ALU_CLK       REF_CLK        {B2/clk}       REF_CLK        divide_by(1)
RX_CLK        UART_CLK       {B4/RX_CLK}    UART_CLK       divide_by(1)
TX_CLK        UART_CLK       {B4/TX_CLK}    UART_CLK       divide_by(32)
--------------------------------------------------------------------------------
1
